// Jest Snapshot v1, https://goo.gl/fbAQLP

exports[`Sample component should match snapshot 1`] = `
<div>
  test
</div>
`;
